// Jest Snapshot v1, https://goo.gl/fbAQLP

exports[`App UI tests should creates the snapshot of App 1`] = `
Array [
  <section
    className="c-bg-main f f-justify-center f-align-center h-100"
  >
    <img
      alt="logo"
      className="m-right-2"
      src="logo.png"
      width="40px"
    />
    <form
      className="w-70 m-1 f f-nowrap border-none"
      onSubmit={[Function]}
    >
      <input
        className="w-90 border-none p-left-1 sc-bdVaJa hoVsIe"
        onChange={[Function]}
      />
      <button
        className="clear-button c-bg-main-background w-10 f f-align-center f-justify-center"
        type="submit"
      >
        <svg
          color="grey"
          fill="currentColor"
          height="1em"
          stroke="currentColor"
          strokeWidth="0"
          style={
            Object {
              "color": "grey",
            }
          }
          viewBox="0 0 512 512"
          width="1em"
          xmlns="http://www.w3.org/2000/svg"
        >
          <path
            d="M505 442.7L405.3 343c-4.5-4.5-10.6-7-17-7H372c27.6-35.3 44-79.7 44-128C416 93.1 322.9 0 208 0S0 93.1 0 208s93.1 208 208 208c48.3 0 92.7-16.4 128-44v16.3c0 6.4 2.5 12.5 7 17l99.7 99.7c9.4 9.4 24.6 9.4 33.9 0l28.3-28.3c9.4-9.4 9.4-24.6.1-34zM208 336c-70.7 0-128-57.2-128-128 0-70.7 57.2-128 128-128 70.7 0 128 57.2 128 128 0 70.7-57.2 128-128 128z"
          />
        </svg>
      </button>
    </form>
  </section>,
  <div>
    PÃ¡gina inicial
  </div>,
]
`;
